// Jest Snapshot v1, https://goo.gl/fbAQLP

exports[`App component rendered correctly 1`] = `
Object {
  "asFragment": [Function],
  "baseElement": <body>
    <div>
      <div
        class="App"
      >
        <header
          class="header"
        >
          <h1
            class="headerTitle"
          >
            Math Magicians
          </h1>
          <nav
            class="navbar"
          >
            <a
              class="navLinks"
              href="/"
            >
              Home
            </a>
            <a
              class="navLinks"
              href="/calculator"
            >
              Calculator
            </a>
            <a
              class="navLinks"
              href="/quote"
            >
              Quote
            </a>
          </nav>
        </header>
        <section
          class="homeSection"
        >
          <h1
            class="h1"
          >
            Welcome to our page!
          </h1>
          <p
            class="p"
          >
            Lorem ipsum dolor sit amet consectetur adipisicing elit. Praesentium omnis officia blanditiis laborum necessitatibus deserunt iusto, sapiente ipsa quibusdam expedita! Optio dolores sapiente esse rem doloribus voluptatibus aliquid repellat iure, reprehenderit totam, earum culpa. Nulla necessitatibus incidunt sunt culpa provident quo neque quae officiis.
          </p>
          <p
            class="p"
          >
            Voluptates libero cum totam dolore facilis laborum consequatur explicabo minus tempore exercitationem commodi sunt, culpa officiis illo quaerat soluta suscipit alias quas error nam, ad at esse? Consequatur voluptatem atque, architecto suscipit dolor soluta earum. Repellat nihil sapiente nobis hic ipsam, suscipit quos repellendus dignissimos cupiditate? Culpa autem repellendus voluptatibus repellat nemo eos qui reprehenderit fugit nulla, praesentium ut consequatur dicta delectus molestias debitis commodi possimus temporibus ea libero. Placeat consectetur mollitia iste eligendi, illo sequi quod ipsam minima debitis magni provident voluptates aspernatur quo inventore doloribus omnis accusantium. Itaque sapiente rem enim harum eum recusandae, perferendis deleniti quam ex, tenetur maiores facilis. Mollitia blanditiis tempore illo. Voluptatibus. Lorem ipsum dolor sit amet, consectetur adipisicing elit. Molestias dolor error ut eius, saepe illum, quibusdam sunt accusantium officia sint corporis? Sapiente asperiores explicabo blanditiis in, beatae pariatur iusto architecto?
          </p>
        </section>
      </div>
    </div>
  </body>,
  "container": <div>
    <div
      class="App"
    >
      <header
        class="header"
      >
        <h1
          class="headerTitle"
        >
          Math Magicians
        </h1>
        <nav
          class="navbar"
        >
          <a
            class="navLinks"
            href="/"
          >
            Home
          </a>
          <a
            class="navLinks"
            href="/calculator"
          >
            Calculator
          </a>
          <a
            class="navLinks"
            href="/quote"
          >
            Quote
          </a>
        </nav>
      </header>
      <section
        class="homeSection"
      >
        <h1
          class="h1"
        >
          Welcome to our page!
        </h1>
        <p
          class="p"
        >
          Lorem ipsum dolor sit amet consectetur adipisicing elit. Praesentium omnis officia blanditiis laborum necessitatibus deserunt iusto, sapiente ipsa quibusdam expedita! Optio dolores sapiente esse rem doloribus voluptatibus aliquid repellat iure, reprehenderit totam, earum culpa. Nulla necessitatibus incidunt sunt culpa provident quo neque quae officiis.
        </p>
        <p
          class="p"
        >
          Voluptates libero cum totam dolore facilis laborum consequatur explicabo minus tempore exercitationem commodi sunt, culpa officiis illo quaerat soluta suscipit alias quas error nam, ad at esse? Consequatur voluptatem atque, architecto suscipit dolor soluta earum. Repellat nihil sapiente nobis hic ipsam, suscipit quos repellendus dignissimos cupiditate? Culpa autem repellendus voluptatibus repellat nemo eos qui reprehenderit fugit nulla, praesentium ut consequatur dicta delectus molestias debitis commodi possimus temporibus ea libero. Placeat consectetur mollitia iste eligendi, illo sequi quod ipsam minima debitis magni provident voluptates aspernatur quo inventore doloribus omnis accusantium. Itaque sapiente rem enim harum eum recusandae, perferendis deleniti quam ex, tenetur maiores facilis. Mollitia blanditiis tempore illo. Voluptatibus. Lorem ipsum dolor sit amet, consectetur adipisicing elit. Molestias dolor error ut eius, saepe illum, quibusdam sunt accusantium officia sint corporis? Sapiente asperiores explicabo blanditiis in, beatae pariatur iusto architecto?
        </p>
      </section>
    </div>
  </div>,
  "debug": [Function],
  "findAllByAltText": [Function],
  "findAllByDisplayValue": [Function],
  "findAllByLabelText": [Function],
  "findAllByPlaceholderText": [Function],
  "findAllByRole": [Function],
  "findAllByTestId": [Function],
  "findAllByText": [Function],
  "findAllByTitle": [Function],
  "findByAltText": [Function],
  "findByDisplayValue": [Function],
  "findByLabelText": [Function],
  "findByPlaceholderText": [Function],
  "findByRole": [Function],
  "findByTestId": [Function],
  "findByText": [Function],
  "findByTitle": [Function],
  "getAllByAltText": [Function],
  "getAllByDisplayValue": [Function],
  "getAllByLabelText": [Function],
  "getAllByPlaceholderText": [Function],
  "getAllByRole": [Function],
  "getAllByTestId": [Function],
  "getAllByText": [Function],
  "getAllByTitle": [Function],
  "getByAltText": [Function],
  "getByDisplayValue": [Function],
  "getByLabelText": [Function],
  "getByPlaceholderText": [Function],
  "getByRole": [Function],
  "getByTestId": [Function],
  "getByText": [Function],
  "getByTitle": [Function],
  "queryAllByAltText": [Function],
  "queryAllByDisplayValue": [Function],
  "queryAllByLabelText": [Function],
  "queryAllByPlaceholderText": [Function],
  "queryAllByRole": [Function],
  "queryAllByTestId": [Function],
  "queryAllByText": [Function],
  "queryAllByTitle": [Function],
  "queryByAltText": [Function],
  "queryByDisplayValue": [Function],
  "queryByLabelText": [Function],
  "queryByPlaceholderText": [Function],
  "queryByRole": [Function],
  "queryByTestId": [Function],
  "queryByText": [Function],
  "queryByTitle": [Function],
  "rerender": [Function],
  "unmount": [Function],
}
`;
